{"timestamp":"2026-09-15T10:09:34.323975Z","level":"INFO","fields":{"message":"python/3.13.13; huggingface_hub/1.31.0; hf_xet/1.6.0; , xet-core revision de71453"},"filename":"/Users/runner/work/xet-core/xet-core/xet_runtime/src/logging/init.rs","line_number":71}
{"timestamp":"2026-09-15T10:09:34.324023Z","level":"INFO","fields":{"message":"hf_xet logging configured."},"filename":"src/logging.rs","line_number":36}
{"timestamp":"2026-09-15T10:09:34.324027Z","level":"INFO","fields":{"message":"Increased RLIMIT_NOFILE soft limit from 1048575 to 9223372036854775807"},"filename":"/Users/runner/work/xet-core/xet-core/xet_runtime/src/core/file_handle_limits.rs","line_number":31}
{"timestamp":"2026-09-15T10:09:34.559608Z","level":"INFO","fields":{"message":"Config: min_spacing_between_global_dedup_queries = 256 (default)"},"filename":"/Users/runner/work/xet-core/xet-core/xet_runtime/src/utils/configuration_utils.rs","line_number":54}
{"timestamp":"2026-09-15T10:09:34.559645Z","level":"INFO","fields":{"message":"Config: local_cas_scheme = \"local://\" (default)"},"filename":"/Users/runner/work/xet-core/xet-core/xet_runtime/src/utils/configuration_utils.rs","line_number":54}
{"timestamp":"2026-09-15T10:09:34.559650Z","level":"INFO","fields":{"message":"Config: max_concurrent_file_ingestion = 8 (default)"},"filename":"/Users/runner/work/xet-core/xet-core/xet_runtime/src/utils/configuration_utils.rs","line_number":54}
{"timestamp":"2026-09-15T10:09:34.559654Z","level":"INFO","fields":{"message":"Config: max_concurrent_file_downloads = 8 (default)"},"filename":"/Users/runner/work/xet-core/xet-core/xet_runtime/src/utils/configuration_utils.rs","line_number":54}
{"timestamp":"2026-09-15T10:09:34.559658Z","level":"INFO","fields":{"message":"Config: ingestion_block_size = 8MB (default)"},"filename":"/Users/runner/work/xet-core/xet-core/xet_runtime/src/utils/configuration_utils.rs","line_number":54}
{"timestamp":"2026-09-15T10:09:34.559663Z","level":"INFO","fields":{"message":"Config: progress_update_interval = 200ms (default)"},"filename":"/Users/runner/work/xet-core/xet-core/xet_runtime/src/utils/configuration_utils.rs","line_number":54}
{"timestamp":"2026-09-15T10:09:34.559667Z","level":"INFO","fields":{"message":"Config: progress_update_speed_sampling_window = 10s (default)"},"filename":"/Users/runner/work/xet-core/xet-core/xet_runtime/src/utils/configuration_utils.rs","line_number":54}
{"timestamp":"2026-09-15T10:09:34.559673Z","level":"INFO","fields":{"message":"Config: progress_update_speed_min_observations = 4 (default)"},"filename":"/Users/runner/work/xet-core/xet-core/xet_runtime/src/utils/configuration_utils.rs","line_number":54}
{"timestamp":"2026-09-15T10:09:34.559676Z","level":"INFO","fields":{"message":"Config: session_xorb_metadata_flush_interval = 20s (default)"},"filename":"/Users/runner/work/xet-core/xet-core/xet_runtime/src/utils/configuration_utils.rs","line_number":54}
{"timestamp":"2026-09-15T10:09:34.559680Z","level":"INFO","fields":{"message":"Config: session_xorb_metadata_flush_max_count = 64 (default)"},"filename":"/Users/runner/work/xet-core/xet-core/xet_runtime/src/utils/configuration_utils.rs","line_number":54}
{"timestamp":"2026-09-15T10:09:34.559683Z","level":"INFO","fields":{"message":"Config: default_cas_endpoint = \"http://localhost:8080\" (default)"},"filename":"/Users/runner/work/xet-core/xet-core/xet_runtime/src/utils/configuration_utils.rs","line_number":54}
{"timestamp":"2026-09-15T10:09:34.559688Z","level":"INFO","fields":{"message":"Config: aggregate_progress = true (default)"},"filename":"/Users/runner/work/xet-core/xet-core/xet_runtime/src/utils/configuration_utils.rs","line_number":54}
{"timestamp":"2026-09-15T10:09:34.559691Z","level":"INFO","fields":{"message":"Config: default_prefix = \"default\" (default)"},"filename":"/Users/runner/work/xet-core/xet-core/xet_runtime/src/utils/configuration_utils.rs","line_number":54}
{"timestamp":"2026-09-15T10:09:34.559694Z","level":"INFO","fields":{"message":"Config: staging_subdir = \"staging\" (default)"},"filename":"/Users/runner/work/xet-core/xet-core/xet_runtime/src/utils/configuration_utils.rs","line_number":54}
{"timestamp":"2026-09-15T10:09:34.559698Z","level":"INFO","fields":{"message":"Config: target_size = 67108864 (default)"},"filename":"/Users/runner/work/xet-core/xet-core/xet_runtime/src/utils/configuration_utils.rs","line_number":54}
{"timestamp":"2026-09-15T10:09:34.559701Z","level":"INFO","fields":{"message":"Config: max_target_size = 67108864 (default)"},"filename":"/Users/runner/work/xet-core/xet-core/xet_runtime/src/utils/configuration_utils.rs","line_number":54}
{"timestamp":"2026-09-15T10:09:34.559705Z","level":"INFO","fields":{"message":"Config: cache_size_limit = 16GB (default)"},"filename":"/Users/runner/work/xet-core/xet-core/xet_runtime/src/utils/configuration_utils.rs","line_number":54}
{"timestamp":"2026-09-15T10:09:34.559709Z","level":"INFO","fields":{"message":"Config: chunk_index_table_max_size = 67108864 (default)"},"filename":"/Users/runner/work/xet-core/xet-core/xet_runtime/src/utils/configuration_utils.rs","line_number":54}
{"timestamp":"2026-09-15T10:09:34.559712Z","level":"INFO","fields":{"message":"Config: cache_subdir = \"shard-cache\" (default)"},"filename":"/Users/runner/work/xet-core/xet-core/xet_runtime/src/utils/configuration_utils.rs","line_number":54}
{"timestamp":"2026-09-15T10:09:34.559715Z","level":"INFO","fields":{"message":"Config: nranges_in_streaming_fragmentation_estimator = 128 (default)"},"filename":"/Users/runner/work/xet-core/xet-core/xet_runtime/src/utils/configuration_utils.rs","line_number":54}
{"timestamp":"2026-09-15T10:09:34.559718Z","level":"INFO","fields":{"message":"Config: min_n_chunks_per_range_hysteresis_factor = 0.5 (default)"},"filename":"/Users/runner/work/xet-core/xet-core/xet_runtime/src/utils/configuration_utils.rs","line_number":54}
{"timestamp":"2026-09-15T10:09:34.559723Z","level":"INFO","fields":{"message":"Config: min_n_chunks_per_range = 8.0 (default)"},"filename":"/Users/runner/work/xet-core/xet-core/xet_runtime/src/utils/configuration_utils.rs","line_number":54}
{"timestamp":"2026-09-15T10:09:34.559726Z","level":"INFO","fields":{"message":"Config: global_dedup_query_enabled = true (default)"},"filename":"/Users/runner/work/xet-core/xet-core/xet_runtime/src/utils/configuration_utils.rs","line_number":54}
{"timestamp":"2026-09-15T10:09:34.559728Z","level":"INFO","fields":{"message":"Config: size_bytes = 0 (default)"},"filename":"/Users/runner/work/xet-core/xet-core/xet_runtime/src/utils/configuration_utils.rs","line_number":54}
{"timestamp":"2026-09-15T10:09:34.559732Z","level":"INFO","fields":{"message":"Config: retry_max_attempts = 5 (default)"},"filename":"/Users/runner/work/xet-core/xet-core/xet_runtime/src/utils/configuration_utils.rs","line_number":54}
{"timestamp":"2026-09-15T10:09:34.559734Z","level":"INFO","fields":{"message":"Config: retry_base_delay = 3s (default)"},"filename":"/Users/runner/work/xet-core/xet-core/xet_runtime/src/utils/configuration_utils.rs","line_number":54}
{"timestamp":"2026-09-15T10:09:34.559737Z","level":"INFO","fields":{"message":"Config: retry_max_duration = 360s (default)"},"filename":"/Users/runner/work/xet-core/xet-core/xet_runtime/src/utils/configuration_utils.rs","line_number":54}
{"timestamp":"2026-09-15T10:09:34.559740Z","level":"INFO","fields":{"message":"Config: idle_connection_timeout = 60s (default)"},"filename":"/Users/runner/work/xet-core/xet-core/xet_runtime/src/utils/configuration_utils.rs","line_number":54}
{"timestamp":"2026-09-15T10:09:34.559933Z","level":"INFO","fields":{"message":"Config: max_idle_connections = 16 (default)"},"filename":"/Users/runner/work/xet-core/xet-core/xet_runtime/src/utils/configuration_utils.rs","line_number":54}
{"timestamp":"2026-09-15T10:09:34.559937Z","level":"INFO","fields":{"message":"Config: connect_timeout = 60s (default)"},"filename":"/Users/runner/work/xet-core/xet-core/xet_runtime/src/utils/configuration_utils.rs","line_number":54}
{"timestamp":"2026-09-15T10:09:34.559940Z","level":"INFO","fields":{"message":"Config: read_timeout = 300s (default)"},"filename":"/Users/runner/work/xet-core/xet-core/xet_runtime/src/utils/configuration_utils.rs","line_number":54}
{"timestamp":"2026-09-15T10:09:34.559943Z","level":"INFO","fields":{"message":"Config: upload_reporting_block_size = 524288 (default)"},"filename":"/Users/runner/work/xet-core/xet-core/xet_runtime/src/utils/configuration_utils.rs","line_number":54}
{"timestamp":"2026-09-15T10:09:34.559946Z","level":"INFO","fields":{"message":"Config: enable_adaptive_concurrency = true (default)"},"filename":"/Users/runner/work/xet-core/xet-core/xet_runtime/src/utils/configuration_utils.rs","line_number":54}
{"timestamp":"2026-09-15T10:09:34.559949Z","level":"INFO","fields":{"message":"Config: ac_min_adjustment_window_ms = 500 (default)"},"filename":"/Users/runner/work/xet-core/xet-core/xet_runtime/src/utils/configuration_utils.rs","line_number":54}
{"timestamp":"2026-09-15T10:09:34.559953Z","level":"INFO","fields":{"message":"Config: ac_min_bytes_required_for_adjustment = 20MB (default)"},"filename":"/Users/runner/work/xet-core/xet-core/xet_runtime/src/utils/configuration_utils.rs","line_number":54}
{"timestamp":"2026-09-15T10:09:34.559956Z","level":"INFO","fields":{"message":"Config: ac_num_transmissions_required_for_adjustment = 1 (default)"},"filename":"/Users/runner/work/xet-core/xet-core/xet_runtime/src/utils/configuration_utils.rs","line_number":54}
{"timestamp":"2026-09-15T10:09:34.560477Z","level":"INFO","fields":{"message":"Config: ac_latency_rtt_half_life = 64.0 (default)"},"filename":"/Users/runner/work/xet-core/xet-core/xet_runtime/src/utils/configuration_utils.rs","line_number":54}
{"timestamp":"2026-09-15T10:09:34.560501Z","level":"INFO","fields":{"message":"Config: ac_success_tracking_half_life = 8.0 (default)"},"filename":"/Users/runner/work/xet-core/xet-core/xet_runtime/src/utils/configuration_utils.rs","line_number":54}
{"timestamp":"2026-09-15T10:09:34.560516Z","level":"INFO","fields":{"message":"Config: ac_target_rtt = 60s (default)"},"filename":"/Users/runner/work/xet-core/xet-core/xet_runtime/src/utils/configuration_utils.rs","line_number":54}
{"timestamp":"2026-09-15T10:09:34.560520Z","level":"INFO","fields":{"message":"Config: ac_max_healthy_rtt = 90s (default)"},"filename":"/Users/runner/work/xet-core/xet-core/xet_runtime/src/utils/configuration_utils.rs","line_number":54}
{"timestamp":"2026-09-15T10:09:34.560524Z","level":"INFO","fields":{"message":"Config: ac_rtt_success_max_quantile = 0.95 (default)"},"filename":"/Users/runner/work/xet-core/xet-core/xet_runtime/src/utils/configuration_utils.rs","line_number":54}
{"timestamp":"2026-09-15T10:09:34.560528Z","level":"INFO","fields":{"message":"Config: ac_healthy_success_ratio_threshold = 0.8 (default)"},"filename":"/Users/runner/work/xet-core/xet-core/xet_runtime/src/utils/configuration_utils.rs","line_number":54}
{"timestamp":"2026-09-15T10:09:34.560531Z","level":"INFO","fields":{"message":"Config: ac_unhealthy_success_ratio_threshold = 0.5 (default)"},"filename":"/Users/runner/work/xet-core/xet-core/xet_runtime/src/utils/configuration_utils.rs","line_number":54}
{"timestamp":"2026-09-15T10:09:34.560535Z","level":"INFO","fields":{"message":"Config: ac_max_reference_transmission_size = 64MB (default)"},"filename":"/Users/runner/work/xet-core/xet-core/xet_runtime/src/utils/configuration_utils.rs","line_number":54}
{"timestamp":"2026-09-15T10:09:34.560542Z","level":"INFO","fields":{"message":"Config: ac_min_reference_transmission_size = 1MB (default)"},"filename":"/Users/runner/work/xet-core/xet-core/xet_runtime/src/utils/configuration_utils.rs","line_number":54}
{"timestamp":"2026-09-15T10:09:34.560545Z","level":"INFO","fields":{"message":"Config: ac_logging_interval_ms = 10000 (default)"},"filename":"/Users/runner/work/xet-core/xet-core/xet_runtime/src/utils/configuration_utils.rs","line_number":54}
{"timestamp":"2026-09-15T10:09:34.560549Z","level":"INFO","fields":{"message":"Config: ac_max_upload_concurrency = 64 (default)"},"filename":"/Users/runner/work/xet-core/xet-core/xet_runtime/src/utils/configuration_utils.rs","line_number":54}
{"timestamp":"2026-09-15T10:09:34.560553Z","level":"INFO","fields":{"message":"Config: ac_min_upload_concurrency = 1 (default)"},"filename":"/Users/runner/work/xet-core/xet-core/xet_runtime/src/utils/configuration_utils.rs","line_number":54}
{"timestamp":"2026-09-15T10:09:34.560558Z","level":"INFO","fields":{"message":"Config: ac_initial_upload_concurrency = 2 (default)"},"filename":"/Users/runner/work/xet-core/xet-core/xet_runtime/src/utils/configuration_utils.rs","line_number":54}
{"timestamp":"2026-09-15T10:09:34.560562Z","level":"INFO","fields":{"message":"Config: ac_max_download_concurrency = 64 (default)"},"filename":"/Users/runner/work/xet-core/xet-core/xet_runtime/src/utils/configuration_utils.rs","line_number":54}
{"timestamp":"2026-09-15T10:09:34.560566Z","level":"INFO","fields":{"message":"Config: ac_min_download_concurrency = 1 (default)"},"filename":"/Users/runner/work/xet-core/xet-core/xet_runtime/src/utils/configuration_utils.rs","line_number":54}
{"timestamp":"2026-09-15T10:09:34.560570Z","level":"INFO","fields":{"message":"Config: ac_initial_download_concurrency = 4 (default)"},"filename":"/Users/runner/work/xet-core/xet-core/xet_runtime/src/utils/configuration_utils.rs","line_number":54}
{"timestamp":"2026-09-15T10:09:34.560573Z","level":"INFO","fields":{"message":"Config: unix_socket_path = None (default)"},"filename":"/Users/runner/work/xet-core/xet-core/xet_runtime/src/utils/configuration_utils.rs","line_number":54}
{"timestamp":"2026-09-15T10:09:34.560576Z","level":"INFO","fields":{"message":"Config: reconstruction_api_version = None (default)"},"filename":"/Users/runner/work/xet-core/xet-core/xet_runtime/src/utils/configuration_utils.rs","line_number":54}
{"timestamp":"2026-09-15T10:09:34.560602Z","level":"INFO","fields":{"message":"Config: shard_api_version = None (default)"},"filename":"/Users/runner/work/xet-core/xet-core/xet_runtime/src/utils/configuration_utils.rs","line_number":54}
{"timestamp":"2026-09-15T10:09:34.560605Z","level":"INFO","fields":{"message":"Config: enable_multirange_fetching = false (default)"},"filename":"/Users/runner/work/xet-core/xet-core/xet_runtime/src/utils/configuration_utils.rs","line_number":54}
{"timestamp":"2026-09-15T10:09:34.560608Z","level":"INFO","fields":{"message":"Config: dest = None (default)"},"filename":"/Users/runner/work/xet-core/xet-core/xet_runtime/src/utils/configuration_utils.rs","line_number":54}
{"timestamp":"2026-09-15T10:09:34.560611Z","level":"INFO","fields":{"message":"Config: format = None (default)"},"filename":"/Users/runner/work/xet-core/xet-core/xet_runtime/src/utils/configuration_utils.rs","line_number":54}
{"timestamp":"2026-09-15T10:09:34.560614Z","level":"INFO","fields":{"message":"Config: prefix = \"xet\" (default)"},"filename":"/Users/runner/work/xet-core/xet-core/xet_runtime/src/utils/configuration_utils.rs","line_number":54}
{"timestamp":"2026-09-15T10:09:34.560618Z","level":"INFO","fields":{"message":"Config: dir_disable_cleanup = false (default)"},"filename":"/Users/runner/work/xet-core/xet-core/xet_runtime/src/utils/configuration_utils.rs","line_number":54}
{"timestamp":"2026-09-15T10:09:34.560621Z","level":"INFO","fields":{"message":"Config: dir_max_size = 250MB (default)"},"filename":"/Users/runner/work/xet-core/xet-core/xet_runtime/src/utils/configuration_utils.rs","line_number":54}
{"timestamp":"2026-09-15T10:09:34.560627Z","level":"INFO","fields":{"message":"Config: dir_min_deletion_age = 86400s (default)"},"filename":"/Users/runner/work/xet-core/xet-core/xet_runtime/src/utils/configuration_utils.rs","line_number":54}
{"timestamp":"2026-09-15T10:09:34.560631Z","level":"INFO","fields":{"message":"Config: dir_max_retention_age = 1209600s (default)"},"filename":"/Users/runner/work/xet-core/xet-core/xet_runtime/src/utils/configuration_utils.rs","line_number":54}
{"timestamp":"2026-09-15T10:09:34.560634Z","level":"INFO","fields":{"message":"Config: min_reconstruction_fetch_size = 256MB (default)"},"filename":"/Users/runner/work/xet-core/xet-core/xet_runtime/src/utils/configuration_utils.rs","line_number":54}
{"timestamp":"2026-09-15T10:09:34.560638Z","level":"INFO","fields":{"message":"Config: max_reconstruction_fetch_size = 8GB (default)"},"filename":"/Users/runner/work/xet-core/xet-core/xet_runtime/src/utils/configuration_utils.rs","line_number":54}
{"timestamp":"2026-09-15T10:09:34.560641Z","level":"INFO","fields":{"message":"Config: download_buffer_size = 2GB (default)"},"filename":"/Users/runner/work/xet-core/xet-core/xet_runtime/src/utils/configuration_utils.rs","line_number":54}
{"timestamp":"2026-09-15T10:09:34.560645Z","level":"INFO","fields":{"message":"Config: download_buffer_perfile_size = 512MB (default)"},"filename":"/Users/runner/work/xet-core/xet-core/xet_runtime/src/utils/configuration_utils.rs","line_number":54}
{"timestamp":"2026-09-15T10:09:34.560648Z","level":"INFO","fields":{"message":"Config: download_buffer_limit = 8GB (default)"},"filename":"/Users/runner/work/xet-core/xet-core/xet_runtime/src/utils/configuration_utils.rs","line_number":54}
{"timestamp":"2026-09-15T10:09:34.560651Z","level":"INFO","fields":{"message":"Config: completion_rate_estimator_half_life = 4.0 (default)"},"filename":"/Users/runner/work/xet-core/xet-core/xet_runtime/src/utils/configuration_utils.rs","line_number":54}
{"timestamp":"2026-09-15T10:09:34.560654Z","level":"INFO","fields":{"message":"Config: target_block_completion_time = 900s (default)"},"filename":"/Users/runner/work/xet-core/xet-core/xet_runtime/src/utils/configuration_utils.rs","line_number":54}
{"timestamp":"2026-09-15T10:09:34.560658Z","level":"INFO","fields":{"message":"Config: min_prefetch_buffer = 1GB (default)"},"filename":"/Users/runner/work/xet-core/xet-core/xet_runtime/src/utils/configuration_utils.rs","line_number":54}
{"timestamp":"2026-09-15T10:09:34.560661Z","level":"INFO","fields":{"message":"Config: use_vectored_write = true (default)"},"filename":"/Users/runner/work/xet-core/xet-core/xet_runtime/src/utils/configuration_utils.rs","line_number":54}
{"timestamp":"2026-09-15T10:09:34.560664Z","level":"INFO","fields":{"message":"Config: compression_scheme_retest_interval = 32 (default)"},"filename":"/Users/runner/work/xet-core/xet-core/xet_runtime/src/utils/configuration_utils.rs","line_number":54}
{"timestamp":"2026-09-15T10:09:34.560669Z","level":"INFO","fields":{"message":"Config: compression_policy = \"auto\" (default)"},"filename":"/Users/runner/work/xet-core/xet-core/xet_runtime/src/utils/config_enum.rs","line_number":174}
{"timestamp":"2026-09-15T10:09:34.560672Z","level":"INFO","fields":{"message":"Config: simulation_max_bytes = None (default)"},"filename":"/Users/runner/work/xet-core/xet-core/xet_runtime/src/utils/configuration_utils.rs","line_number":54}
{"timestamp":"2026-09-15T10:09:34.560676Z","level":"INFO","fields":{"message":"Config: simulation_max_chunks = None (default)"},"filename":"/Users/runner/work/xet-core/xet-core/xet_runtime/src/utils/configuration_utils.rs","line_number":54}
{"timestamp":"2026-09-15T10:09:34.560696Z","level":"INFO","fields":{"message":"Config: dir_name = \"shard-session\" (default)"},"filename":"/Users/runner/work/xet-core/xet-core/xet_runtime/src/utils/configuration_utils.rs","line_number":54}
{"timestamp":"2026-09-15T10:09:34.560700Z","level":"INFO","fields":{"message":"Config: enabled = false (default)"},"filename":"/Users/runner/work/xet-core/xet-core/xet_runtime/src/utils/configuration_utils.rs","line_number":54}
{"timestamp":"2026-09-15T10:09:34.560703Z","level":"INFO","fields":{"message":"Config: sample_interval = 5s (default)"},"filename":"/Users/runner/work/xet-core/xet-core/xet_runtime/src/utils/configuration_utils.rs","line_number":54}
{"timestamp":"2026-09-15T10:09:34.560706Z","level":"INFO","fields":{"message":"Config: log_path = None (default)"},"filename":"/Users/runner/work/xet-core/xet-core/xet_runtime/src/utils/configuration_utils.rs","line_number":54}
{"timestamp":"2026-09-15T10:09:34.560764Z","level":"INFO","fields":{"message":"Using 8 async threads for tokio runtime"},"filename":"/Users/runner/work/xet-core/xet-core/xet_runtime/src/core/runtime/native.rs","line_number":63}
{"timestamp":"2026-09-15T10:09:34.561188Z","level":"INFO","fields":{"message":"Session created, session_id=01a0a48b-1961-7722-a673-eb5d3a7efab0"},"filename":"/Users/runner/work/xet-core/xet-core/xet_pkg/src/xet_session/session.rs","line_number":192}
{"timestamp":"2026-09-15T10:09:34.562600Z","level":"INFO","fields":{"message":"CAS auth disabled","caller":"/Users/runner/work/xet-core/xet-core/xet_client/src/common/http_client.rs:166"},"filename":"/Users/runner/work/xet-core/xet-core/xet_runtime/src/error_printer/mod.rs","line_number":198}
{"timestamp":"2026-09-15T10:09:34.564660Z","level":"INFO","fields":{"message":"HTTP client configured","idle_timeout":"60s","max_idle_connections":16,"custom_headers":"Some({\"user-agent\": \"datasets/5.0.1; hf_hub/1.31.0; python/3.13.13; pyarrow/25.0.1\"})"},"filename":"/Users/runner/work/xet-core/xet-core/xet_client/src/common/http_client.rs","line_number":187}
{"timestamp":"2026-09-15T10:09:34.565134Z","level":"INFO","fields":{"message":"TranslatorConfig initialized","endpoint":"https://cas-server.xethub.hf.co","session_id":"Some(\"01a0a48b-1964-7d12-a682-e3d71b31c5f7\")","shard_cache":"/Users/luxian/FoldOriganmi/workspace/purelandfold/xet/https___cas_serv-tGqkUaZf_CBPHQ6h/shard-cache","shard_session":"/Users/luxian/FoldOriganmi/workspace/purelandfold/xet/https___cas_serv-tGqkUaZf_CBPHQ6h/staging/shard-session"},"filename":"/Users/runner/work/xet-core/xet-core/xet_data/src/processing/configurations.rs","line_number":127}
{"timestamp":"2026-09-15T10:09:34.565966Z","level":"INFO","fields":{"message":"HTTP client configured","idle_timeout":"60s","max_idle_connections":16,"custom_headers":"Some({\"user-agent\": \"datasets/5.0.1; hf_hub/1.31.0; python/3.13.13; pyarrow/25.0.1; hf_xet/1.6.0\"})"},"filename":"/Users/runner/work/xet-core/xet-core/xet_client/src/common/http_client.rs","line_number":187}
{"timestamp":"2026-09-15T10:09:34.566015Z","level":"INFO","fields":{"message":"CAS auth disabled","caller":"/Users/runner/work/xet-core/xet-core/xet_client/src/common/http_client.rs:166"},"filename":"/Users/runner/work/xet-core/xet-core/xet_runtime/src/error_printer/mod.rs","line_number":198}
{"timestamp":"2026-09-15T10:09:34.566030Z","level":"INFO","fields":{"message":"HTTP client configured","idle_timeout":"60s","max_idle_connections":16,"custom_headers":"Some({\"user-agent\": \"datasets/5.0.1; hf_hub/1.31.0; python/3.13.13; pyarrow/25.0.1; hf_xet/1.6.0\"})"},"filename":"/Users/runner/work/xet-core/xet-core/xet_client/src/common/http_client.rs","line_number":187}
{"timestamp":"2026-09-15T10:09:34.566553Z","level":"INFO","fields":{"message":"No-read-timeout HTTP client configured (for shard uploads)","connect_timeout":"60s"},"filename":"/Users/runner/work/xet-core/xet-core/xet_client/src/common/http_client.rs","line_number":136}
{"timestamp":"2026-09-15T10:09:34.566568Z","level":"INFO","fields":{"message":"Initializing Adaptive Concurrency Controller for upload with starting concurrency = 2; min = 1, max = 64, min_bytes_for_adjustment = 20000000, min_completed_transmissions_for_adjustment = 1"},"filename":"/Users/runner/work/xet-core/xet-core/xet_client/src/cas_client/adaptive_concurrency/controller.rs","line_number":306}
{"timestamp":"2026-09-15T10:09:34.566579Z","level":"INFO","fields":{"message":"Initializing Adaptive Concurrency Controller for download with starting concurrency = 4; min = 1, max = 64, min_bytes_for_adjustment = 20000000, min_completed_transmissions_for_adjustment = 1"},"filename":"/Users/runner/work/xet-core/xet-core/xet_client/src/cas_client/adaptive_concurrency/controller.rs","line_number":306}
{"timestamp":"2026-09-15T10:09:34.566764Z","level":"INFO","fields":{"message":"New file download group, session_id=01a0a48b-1961-7722-a673-eb5d3a7efab0, group_id=1"},"filename":"/Users/runner/work/xet-core/xet-core/xet_pkg/src/xet_session/file_download_group.rs","line_number":61}
{"timestamp":"2026-09-15T10:09:34.566897Z","level":"INFO","fields":{"message":"Download file to path","group_id":"1","dest_path":"\"/Users/luxian/FoldOriganmi/workspace/purelandfold/hub/datasets--mayaweiz--PurelandFold/blobs/76cf5123b569837eedf696c8382beb0a5deea5cb93010d252bb5a5e072d129f0.2725830b.incomplete\"","hash":"ad8430d0297fa852633062658e473d97156e9c2c3936a6f99a34a194c7c7ec88"},"filename":"/Users/runner/work/xet-core/xet-core/xet_pkg/src/xet_session/file_download_group.rs","line_number":287}
{"timestamp":"2026-09-15T10:09:34.567310Z","level":"INFO","fields":{"message":"Download group finish","group_id":"1"},"filename":"/Users/runner/work/xet-core/xet-core/xet_pkg/src/xet_session/file_download_group.rs","line_number":306}
{"timestamp":"2026-09-15T10:09:34.567284Z","level":"INFO","fields":{"message":"Reconstructing file to disk","file_hash":"ad8430d0297fa852633062658e473d97156e9c2c3936a6f99a34a194c7c7ec88","byte_range":"None","path":"/Users/luxian/FoldOriganmi/workspace/purelandfold/hub/datasets--mayaweiz--PurelandFold/blobs/76cf5123b569837eedf696c8382beb0a5deea5cb93010d252bb5a5e072d129f0.2725830b.incomplete","write_offset":"None"},"filename":"/Users/runner/work/xet-core/xet-core/xet_data/src/file_reconstruction/file_reconstructor.rs","line_number":126}
{"timestamp":"2026-09-15T10:09:34.567660Z","level":"INFO","fields":{"message":"Scheduling prefetch block","file_hash":"ad8430d0297fa852633062658e473d97156e9c2c3936a6f99a34a194c7c7ec88","prefetch_range":"(0, 256000000)","requested_block_size":256000000,"actual_block_size":256000000,"queue_depth":1},"filename":"/Users/runner/work/xet-core/xet-core/xet_data/src/file_reconstruction/reconstruction_terms/manager.rs","line_number":277}
{"timestamp":"2026-09-15T10:09:34.567725Z","level":"INFO","fields":{"message":"Scheduling prefetch block","file_hash":"ad8430d0297fa852633062658e473d97156e9c2c3936a6f99a34a194c7c7ec88","prefetch_range":"(256000000, 768000000)","requested_block_size":512000000,"actual_block_size":512000000,"queue_depth":2},"filename":"/Users/runner/work/xet-core/xet-core/xet_data/src/file_reconstruction/reconstruction_terms/manager.rs","line_number":277}
{"timestamp":"2026-09-15T10:09:34.567736Z","level":"INFO","fields":{"message":"Scheduling prefetch block","file_hash":"ad8430d0297fa852633062658e473d97156e9c2c3936a6f99a34a194c7c7ec88","prefetch_range":"(768000000, 1024000000)","requested_block_size":256000000,"actual_block_size":256000000,"queue_depth":3},"filename":"/Users/runner/work/xet-core/xet-core/xet_data/src/file_reconstruction/reconstruction_terms/manager.rs","line_number":277}
{"timestamp":"2026-09-15T10:09:34.567842Z","level":"INFO","fields":{"message":"Starting get_reconstruction API call","call_id":1,"file_id":"ad8430d0297fa852633062658e473d97156e9c2c3936a6f99a34a194c7c7ec88","bytes_range":"Some(Range { start: 768000000, end: 1024000000 })","api_version":"v2"},"filename":"/Users/runner/work/xet-core/xet-core/xet_client/src/cas_client/remote_client.rs","line_number":214}
{"timestamp":"2026-09-15T10:09:34.567851Z","level":"INFO","fields":{"message":"Retry strategy","retry":"RetryWrapper { max_attempts: 5, base_delay: 3s, max_duration: 360s, no_retry_on_429: false, retry_on_403: false, expected_416: true, expected_404: false, log_errors_as_info: false, api_tag: \"cas::get_reconstruction_v2\", has_connection_permit: false }"},"filename":"/Users/runner/work/xet-core/xet-core/xet_client/src/cas_client/retry_wrapper.rs","line_number":274}
{"timestamp":"2026-09-15T10:09:34.567859Z","level":"INFO","fields":{"message":"Starting get_reconstruction API call","call_id":3,"file_id":"ad8430d0297fa852633062658e473d97156e9c2c3936a6f99a34a194c7c7ec88","bytes_range":"Some(Range { start: 256000000, end: 768000000 })","api_version":"v2"},"filename":"/Users/runner/work/xet-core/xet-core/xet_client/src/cas_client/remote_client.rs","line_number":214}
{"timestamp":"2026-09-15T10:09:34.567854Z","level":"INFO","fields":{"message":"Starting get_reconstruction API call","call_id":2,"file_id":"ad8430d0297fa852633062658e473d97156e9c2c3936a6f99a34a194c7c7ec88","bytes_range":"Some(Range { start: 0, end: 256000000 })","api_version":"v2"},"filename":"/Users/runner/work/xet-core/xet-core/xet_client/src/cas_client/remote_client.rs","line_number":214}
{"timestamp":"2026-09-15T10:09:34.567872Z","level":"INFO","fields":{"message":"Retry strategy","retry":"RetryWrapper { max_attempts: 5, base_delay: 3s, max_duration: 360s, no_retry_on_429: false, retry_on_403: false, expected_416: true, expected_404: false, log_errors_as_info: false, api_tag: \"cas::get_reconstruction_v2\", has_connection_permit: false }"},"filename":"/Users/runner/work/xet-core/xet-core/xet_client/src/cas_client/retry_wrapper.rs","line_number":274}
{"timestamp":"2026-09-15T10:09:34.567875Z","level":"INFO","fields":{"message":"Retry strategy","retry":"RetryWrapper { max_attempts: 5, base_delay: 3s, max_duration: 360s, no_retry_on_429: false, retry_on_403: false, expected_416: true, expected_404: false, log_errors_as_info: false, api_tag: \"cas::get_reconstruction_v2\", has_connection_permit: false }"},"filename":"/Users/runner/work/xet-core/xet-core/xet_client/src/cas_client/retry_wrapper.rs","line_number":274}
{"timestamp":"2026-09-15T10:09:35.747372Z","level":"INFO","fields":{"message":"Received CAS response","request_id":"01M2J8P7CPX40KXHDZ0BJRPVZ0","status_code":416},"filename":"/Users/runner/work/xet-core/xet-core/xet_client/src/common/http_client.rs","line_number":288}
{"timestamp":"2026-09-15T10:09:35.747407Z","level":"INFO","fields":{"message":"Reached end of reconstruction 416 (Range Not Satisfiable): \"cas::get_reconstruction_v2\" api call failed (request id 01M2J8P7CPX40KXHDZ0BJRPVZ0): HTTP status client error (416 Range Not Satisfiable) for url (https://cas-server.xethub.hf.co/v2/reconstructions/ad8430d0297fa852633062658e473d97156e9c2c3936a6f99a34a194c7c7ec88)"},"filename":"/Users/runner/work/xet-core/xet-core/xet_client/src/cas_client/retry_wrapper.rs","line_number":189}
{"timestamp":"2026-09-15T10:09:35.759681Z","level":"INFO","fields":{"message":"Received CAS response","request_id":"01M2J8P7CZGK21QFDCN8DC7NV9","status_code":416},"filename":"/Users/runner/work/xet-core/xet-core/xet_client/src/common/http_client.rs","line_number":288}
{"timestamp":"2026-09-15T10:09:35.759699Z","level":"INFO","fields":{"message":"Reached end of reconstruction 416 (Range Not Satisfiable): \"cas::get_reconstruction_v2\" api call failed (request id 01M2J8P7CZGK21QFDCN8DC7NV9): HTTP status client error (416 Range Not Satisfiable) for url (https://cas-server.xethub.hf.co/v2/reconstructions/ad8430d0297fa852633062658e473d97156e9c2c3936a6f99a34a194c7c7ec88)"},"filename":"/Users/runner/work/xet-core/xet-core/xet_client/src/cas_client/retry_wrapper.rs","line_number":189}
{"timestamp":"2026-09-15T10:09:35.934782Z","level":"INFO","fields":{"message":"Received CAS response","request_id":"01M2J8P7CT112C6T9FCK6RAH9B","status_code":200},"filename":"/Users/runner/work/xet-core/xet-core/xet_client/src/common/http_client.rs","line_number":288}
{"timestamp":"2026-09-15T10:09:35.934799Z","level":"INFO","fields":{"message":"Request Success: cas::get_reconstruction_v2 api call succeeded (request id 01M2J8P7CT112C6T9FCK6RAH9B)."},"filename":"/Users/runner/work/xet-core/xet-core/xet_client/src/cas_client/retry_wrapper.rs","line_number":237}
{"timestamp":"2026-09-15T10:09:35.934886Z","level":"INFO","fields":{"message":"Completed get_reconstruction API call","call_id":2,"file_id":"ad8430d0297fa852633062658e473d97156e9c2c3936a6f99a34a194c7c7ec88","bytes_range":"Some(Range { start: 0, end: 256000000 })","api_version":"v2"},"filename":"/Users/runner/work/xet-core/xet-core/xet_client/src/cas_client/remote_client.rs","line_number":238}
{"timestamp":"2026-09-15T10:09:35.934920Z","level":"INFO","fields":{"message":"Received block of file terms from prefetch queue","file_hash":"ad8430d0297fa852633062658e473d97156e9c2c3936a6f99a34a194c7c7ec88","domain":"us.aws.cdn.hf.co","block_start":0,"block_end":32642953,"block_size":1},"filename":"/Users/runner/work/xet-core/xet-core/xet_data/src/file_reconstruction/reconstruction_terms/manager.rs","line_number":156}
{"timestamp":"2026-09-15T10:09:35.934933Z","level":"INFO","fields":{"message":"Updated completion rate estimate based on previous block completion time (seconds).","file_hash":"ad8430d0297fa852633062658e473d97156e9c2c3936a6f99a34a194c7c7ec88","block_start":0,"block_end":32642953,"block_size":32642953,"completion_time":0.00001325},"filename":"/Users/runner/work/xet-core/xet-core/xet_data/src/file_reconstruction/reconstruction_terms/manager.rs","line_number":109}
{"timestamp":"2026-09-15T10:09:35.934936Z","level":"INFO","fields":{"message":"Completed prefetch queue; end of file reached.","file_hash":"ad8430d0297fa852633062658e473d97156e9c2c3936a6f99a34a194c7c7ec88","prefetched_byte_position":1024000000},"filename":"/Users/runner/work/xet-core/xet-core/xet_data/src/file_reconstruction/reconstruction_terms/manager.rs","line_number":183}
{"timestamp":"2026-09-15T10:09:35.934938Z","level":"INFO","fields":{"message":"All term blocks received and scheduled for writing","file_hash":"ad8430d0297fa852633062658e473d97156e9c2c3936a6f99a34a194c7c7ec88","block_count":1,"total_terms_processed":1,"total_bytes_scheduled":32642953},"filename":"/Users/runner/work/xet-core/xet-core/xet_data/src/file_reconstruction/run_state.rs","line_number":150}
{"timestamp":"2026-09-15T10:09:35.934981Z","level":"INFO","fields":{"message":"Retry strategy","retry":"RetryWrapper { max_attempts: 5, base_delay: 3s, max_duration: 360s, no_retry_on_429: false, retry_on_403: true, expected_416: false, expected_404: false, log_errors_as_info: false, api_tag: \"s3::get_range\", has_connection_permit: true }"},"filename":"/Users/runner/work/xet-core/xet-core/xet_client/src/cas_client/retry_wrapper.rs","line_number":274}
{"timestamp":"2026-09-15T10:09:36.603851Z","level":"INFO","fields":{"message":"Received CAS response","request_id":"01M2J8P7S3QTY1SQK1DC1YACZ3","status_code":206},"filename":"/Users/runner/work/xet-core/xet-core/xet_client/src/common/http_client.rs","line_number":288}
{"timestamp":"2026-09-15T10:09:36.603892Z","level":"INFO","fields":{"message":"Request Success: s3::get_range api call succeeded (request id 01M2J8P7S3QTY1SQK1DC1YACZ3)."},"filename":"/Users/runner/work/xet-core/xet-core/xet_client/src/cas_client/retry_wrapper.rs","line_number":237}
{"timestamp":"2026-09-15T10:09:44.845273Z","level":"INFO","fields":{"message":"Concurrency control for download: Current concurrency = 4; predicted bandwidth = 577030; success_ratio = 1.000; reference_size = 61.0MB; observed bytes sent so far = 4485120; completed transmissions = 0"},"filename":"/Users/runner/work/xet-core/xet-core/xet_client/src/cas_client/adaptive_concurrency/controller.rs","line_number":602}
{"timestamp":"2026-09-15T10:09:54.847527Z","level":"INFO","fields":{"message":"Concurrency control for download: Current concurrency = 4; predicted bandwidth = 448678; success_ratio = 1.000; reference_size = 61.0MB; observed bytes sent so far = 8581120; completed transmissions = 0"},"filename":"/Users/runner/work/xet-core/xet-core/xet_client/src/cas_client/adaptive_concurrency/controller.rs","line_number":602}
{"timestamp":"2026-09-15T10:10:04.907703Z","level":"INFO","fields":{"message":"Concurrency control for download: Current concurrency = 4; predicted bandwidth = 458541; success_ratio = 1.000; reference_size = 61.0MB; observed bytes sent so far = 13283328; completed transmissions = 0"},"filename":"/Users/runner/work/xet-core/xet-core/xet_client/src/cas_client/adaptive_concurrency/controller.rs","line_number":602}
{"timestamp":"2026-09-15T10:10:15.057562Z","level":"INFO","fields":{"message":"Concurrency control for download: Current concurrency = 4; predicted bandwidth = 461197; success_ratio = 1.000; reference_size = 61.0MB; observed bytes sent so far = 19509248; completed transmissions = 0"},"filename":"/Users/runner/work/xet-core/xet-core/xet_client/src/cas_client/adaptive_concurrency/controller.rs","line_number":602}
{"timestamp":"2026-09-15T10:10:25.228652Z","level":"INFO","fields":{"message":"Concurrency control for download: Current concurrency = 4; predicted bandwidth = 453781; success_ratio = 1.000; reference_size = 61.0MB; observed bytes sent so far = 29044736; completed transmissions = 0"},"filename":"/Users/runner/work/xet-core/xet-core/xet_client/src/cas_client/adaptive_concurrency/controller.rs","line_number":602}
{"timestamp":"2026-09-15T10:10:27.560437Z","level":"INFO","fields":{"message":"File reconstruction completed successfully","file_hash":"ad8430d0297fa852633062658e473d97156e9c2c3936a6f99a34a194c7c7ec88","block_count":1,"total_terms_processed":1,"total_bytes_scheduled":32642953},"filename":"/Users/runner/work/xet-core/xet-core/xet_data/src/file_reconstruction/run_state.rs","line_number":150}
