\BOOKMARK [1][-]{section.1}{\376\377\000I\000n\000t\000r\000o\000d\000u\000c\000t\000i\000o\000n}{}% 1
\BOOKMARK [1][-]{section.2}{\376\377\000R\000e\000l\000a\000t\000e\000d\000\040\000w\000o\000r\000k}{}% 2
\BOOKMARK [2][-]{subsection.2.1}{\376\377\000O\000r\000i\000g\000a\000m\000i\000\040\000b\000e\000n\000c\000h\000m\000a\000r\000k\000s\000\040\000a\000n\000d\000\040\000g\000e\000n\000e\000r\000a\000t\000i\000o\000n}{section.2}% 3
\BOOKMARK [2][-]{subsection.2.2}{\376\377\000C\000o\000m\000p\000u\000t\000a\000t\000i\000o\000n\000a\000l\000\040\000o\000r\000i\000g\000a\000m\000i\000\040\000a\000n\000d\000\040\000s\000e\000q\000u\000e\000n\000c\000e\000\040\000p\000l\000a\000n\000n\000i\000n\000g}{section.2}% 4
\BOOKMARK [1][-]{section.3}{\376\377\000C\000P\0002\000S\000e\000q\000:\000\040\000t\000a\000s\000k\000\040\000a\000n\000d\000\040\000d\000a\000t\000a\000s\000e\000t}{}% 5
\BOOKMARK [2][-]{subsection.3.1}{\376\377\000T\000a\000s\000k\000\040\000a\000n\000d\000\040\000a\000c\000t\000i\000o\000n\000\040\000m\000o\000d\000e\000l\000s}{section.3}% 6
\BOOKMARK [2][-]{subsection.3.2}{\376\377\000D\000a\000t\000a\000s\000e\000t\000\040\000c\000o\000n\000s\000t\000r\000u\000c\000t\000i\000o\000n}{section.3}% 7
\BOOKMARK [3][-]{subsubsection.3.2.1}{\376\377\000G\000e\000n\000e\000r\000a\000t\000i\000o\000n\000\040\000p\000s\000e\000u\000d\000o\000c\000o\000d\000e}{subsection.3.2}% 8
\BOOKMARK [2][-]{subsection.3.3}{\376\377\000D\000a\000t\000a\000s\000e\000t\000\040\000s\000t\000a\000t\000i\000s\000t\000i\000c\000s}{section.3}% 9
\BOOKMARK [1][-]{section.4}{\376\377\000E\000x\000p\000e\000r\000i\000m\000e\000n\000t\000a\000l\000\040\000s\000e\000t\000u\000p}{}% 10
\BOOKMARK [2][-]{subsection.4.1}{\376\377\000E\000n\000v\000i\000r\000o\000n\000m\000e\000n\000t}{section.4}% 11
\BOOKMARK [3][-]{subsubsection.4.1.1}{\376\377\000S\000t\000a\000t\000e\000\040\000t\000r\000a\000n\000s\000i\000t\000i\000o\000n\000s}{subsection.4.1}% 12
\BOOKMARK [3][-]{subsubsection.4.1.2}{\376\377\000T\000o\000o\000l\000s\000\040\000a\000n\000d\000\040\000v\000e\000r\000i\000f\000i\000c\000a\000t\000i\000o\000n}{subsection.4.1}% 13
\BOOKMARK [3][-]{subsubsection.4.1.3}{\376\377\000A\000c\000t\000i\000o\000n\000\040\000v\000a\000l\000i\000d\000a\000t\000i\000o\000n}{subsection.4.1}% 14
\BOOKMARK [3][-]{subsubsection.4.1.4}{\376\377\000O\000b\000s\000e\000r\000v\000a\000t\000i\000o\000n\000s}{subsection.4.1}% 15
\BOOKMARK [2][-]{subsection.4.2}{\376\377\000E\000v\000a\000l\000u\000a\000t\000i\000o\000n\000\040\000m\000e\000t\000r\000i\000c\000s}{section.4}% 16
\BOOKMARK [3][-]{subsubsection.4.2.1}{\376\377\000R\000e\000f\000e\000r\000e\000n\000c\000e\000\040\000s\000e\000q\000u\000e\000n\000c\000e\000s}{subsection.4.2}% 17
\BOOKMARK [3][-]{subsubsection.4.2.2}{\376\377\000S\000t\000a\000t\000e\000\040\000c\000o\000m\000p\000a\000r\000i\000s\000o\000n}{subsection.4.2}% 18
\BOOKMARK [3][-]{subsubsection.4.2.3}{\376\377\000M\000e\000t\000r\000i\000c\000s}{subsection.4.2}% 19
\BOOKMARK [3][-]{subsubsection.4.2.4}{\376\377\000C\000o\000m\000p\000a\000r\000a\000t\000o\000r\000\040\000v\000a\000l\000i\000d\000a\000t\000i\000o\000n}{subsection.4.2}% 20
\BOOKMARK [2][-]{subsection.4.3}{\376\377\000E\000v\000a\000l\000u\000a\000t\000i\000o\000n\000\040\000p\000r\000o\000t\000o\000c\000o\000l}{section.4}% 21
\BOOKMARK [3][-]{subsubsection.4.3.1}{\376\377\000E\000p\000i\000s\000o\000d\000e\000\040\000p\000r\000o\000c\000e\000d\000u\000r\000e}{subsection.4.3}% 22
\BOOKMARK [3][-]{subsubsection.4.3.2}{\376\377\000T\000o\000o\000l\000\040\000c\000o\000n\000f\000i\000g\000u\000r\000a\000t\000i\000o\000n}{subsection.4.3}% 23
\BOOKMARK [3][-]{subsubsection.4.3.3}{\376\377\000M\000o\000d\000e\000l\000s\000\040\000a\000n\000d\000\040\000b\000u\000d\000g\000e\000t\000s}{subsection.4.3}% 24
\BOOKMARK [3][-]{subsubsection.4.3.4}{\376\377\000B\000a\000s\000e\000l\000i\000n\000e\000s}{subsection.4.3}% 25
\BOOKMARK [2][-]{subsection.4.4}{\376\377\000A\000s\000s\000i\000s\000t\000a\000n\000c\000e\000\040\000c\000o\000n\000d\000i\000t\000i\000o\000n\000s}{section.4}% 26
\BOOKMARK [3][-]{subsubsection.4.4.1}{\376\377\000T\000a\000r\000g\000e\000t\000-\000c\000o\000m\000p\000a\000r\000i\000s\000o\000n\000\040\000f\000e\000e\000d\000b\000a\000c\000k}{subsection.4.4}% 27
\BOOKMARK [1][-]{section.5}{\376\377\000R\000e\000s\000u\000l\000t\000s}{}% 28
\BOOKMARK [2][-]{subsection.5.1}{\376\377\000M\000o\000d\000e\000l\000\040\000p\000e\000r\000f\000o\000r\000m\000a\000n\000c\000e}{section.5}% 29
\BOOKMARK [2][-]{subsection.5.2}{\376\377\000S\000e\000a\000r\000c\000h\000\040\000b\000a\000s\000e\000l\000i\000n\000e}{section.5}% 30
\BOOKMARK [2][-]{subsection.5.3}{\376\377\000T\000o\000o\000l\000\040\000a\000s\000s\000i\000s\000t\000a\000n\000c\000e}{section.5}% 31
\BOOKMARK [2][-]{subsection.5.4}{\376\377\000F\000a\000i\000l\000u\000r\000e\000\040\000t\000a\000x\000o\000n\000o\000m\000y}{section.5}% 32
\BOOKMARK [2][-]{subsection.5.5}{\376\377\000P\000e\000r\000f\000o\000r\000m\000a\000n\000c\000e\000\040\000b\000y\000\040\000d\000i\000f\000f\000i\000c\000u\000l\000t\000y}{section.5}% 33
\BOOKMARK [2][-]{subsection.5.6}{\376\377\000E\000v\000a\000l\000u\000a\000t\000i\000o\000n\000\040\000c\000o\000v\000e\000r\000a\000g\000e}{section.5}% 34
\BOOKMARK [1][-]{section.6}{\376\377\000L\000i\000m\000i\000t\000a\000t\000i\000o\000n\000s}{}% 35
\BOOKMARK [1][-]{section.7}{\376\377\000F\000i\000g\000u\000r\000e\000s}{}% 36
\BOOKMARK [1][-]{section.8}{\376\377\000L\000i\000c\000e\000n\000c\000e\000\040\000a\000n\000d\000\040\000a\000v\000a\000i\000l\000a\000b\000i\000l\000i\000t\000y}{}% 37
\BOOKMARK [1][-]{section.9}{\376\377\000U\000s\000e\000\040\000o\000f\000\040\000l\000a\000r\000g\000e\000\040\000l\000a\000n\000g\000u\000a\000g\000e\000\040\000m\000o\000d\000e\000l\000s}{}% 38
\BOOKMARK [1][-]{appendix.A}{\376\377\000S\000t\000a\000t\000e\000\040\000r\000e\000p\000r\000e\000s\000e\000n\000t\000a\000t\000i\000o\000n\000\040\000a\000n\000d\000\040\000f\000o\000l\000d\000i\000n\000g\000\040\000c\000o\000n\000s\000t\000r\000a\000i\000n\000t\000s}{}% 39
\BOOKMARK [2][-]{subsection.A.1}{\376\377\000F\000l\000a\000t\000-\000f\000o\000l\000d\000e\000d\000\040\000s\000t\000a\000t\000e\000s}{appendix.A}% 40
\BOOKMARK [2][-]{subsection.A.2}{\376\377\000S\000u\000p\000p\000o\000r\000t\000e\000d\000\040\000a\000c\000t\000i\000o\000n\000s}{appendix.A}% 41
\BOOKMARK [2][-]{subsection.A.3}{\376\377\000C\000o\000n\000n\000e\000c\000t\000i\000v\000i\000t\000y\000\040\000a\000n\000d\000\040\000t\000e\000a\000r\000i\000n\000g}{appendix.A}% 42
\BOOKMARK [2][-]{subsection.A.4}{\376\377\000D\000e\000p\000t\000h\000\040\000a\000n\000d\000\040\000s\000e\000a\000r\000c\000h\000\040\000d\000i\000f\000f\000i\000c\000u\000l\000t\000y}{appendix.A}% 43
\BOOKMARK [1][-]{appendix.B}{\376\377\000R\000e\000f\000e\000r\000e\000n\000c\000e\000\040\000n\000o\000t\000e\000s}{}% 44
